Copyright 1986-2022 Xilinx, Inc. All Rights Reserved. Copyright 2022-2024 Advanced Micro Devices, Inc. All Rights Reserved.
-------------------------------------------------------------------------------------------------------------------------------------------------------------
| Tool Version     : Vivado v.2024.2 (win64) Build 5239630 Fri Nov 08 22:35:27 MST 2024
| Date             : Sat May  9 20:11:41 2026
| Host             : C27-5CG31326ZG running 64-bit major release  (build 9200)
| Command          : report_power -file final_project_power_routed.rpt -pb final_project_power_summary_routed.pb -rpx final_project_power_routed.rpx
| Design           : final_project
| Device           : xc7a200tsbg484-1
| Design State     : routed
| Grade            : commercial
| Process          : typical
| Characterization : Production
-------------------------------------------------------------------------------------------------------------------------------------------------------------

Power Report

Table of Contents
-----------------
1. Summary
1.1 On-Chip Components
1.2 Power Supply Summary
1.3 Confidence Level
2. Settings
2.1 Environment
2.2 Clock Constraints
3. Detailed Reports
3.1 By Hierarchy

1. Summary
----------

+--------------------------+--------------+
| Total On-Chip Power (W)  | 0.624        |
| Design Power Budget (W)  | Unspecified* |
| Power Budget Margin (W)  | NA           |
| Dynamic (W)              | 0.471        |
| Device Static (W)        | 0.153        |
| Effective TJA (C/W)      | 3.3          |
| Max Ambient (C)          | 82.9         |
| Junction Temperature (C) | 27.1         |
| Confidence Level         | Low          |
| Setting File             | ---          |
| Simulation Activity File | ---          |
| Design Nets Matched      | NA           |
+--------------------------+--------------+
* Specify Design Power Budget using, set_operating_conditions -design_power_budget <value in Watts>


1.1 On-Chip Components
----------------------

+----------------+-----------+----------+-----------+-----------------+
| On-Chip        | Power (W) | Used     | Available | Utilization (%) |
+----------------+-----------+----------+-----------+-----------------+
| Clocks         |     0.014 |        6 |       --- |             --- |
| Slice Logic    |     0.069 |    10130 |       --- |             --- |
|   LUT as Logic |     0.061 |     5386 |    133800 |            4.03 |
|   CARRY4       |     0.007 |     1024 |     33450 |            3.06 |
|   Register     |    <0.001 |     2642 |    267600 |            0.99 |
|   Others       |     0.000 |       50 |       --- |             --- |
| Signals        |     0.084 |    19627 |       --- |             --- |
| MMCM           |     0.122 |        1 |        10 |           10.00 |
| DSPs           |     0.162 |      216 |       740 |           29.19 |
| I/O            |     0.020 |       25 |       285 |            8.77 |
| Static Power   |     0.153 |          |           |                 |
| Total          |     0.624 |          |           |                 |
+----------------+-----------+----------+-----------+-----------------+


1.2 Power Supply Summary
------------------------

+-----------+-------------+-----------+-------------+------------+-------------+-------------+------------+
| Source    | Voltage (V) | Total (A) | Dynamic (A) | Static (A) | Powerup (A) | Budget (A)  | Margin (A) |
+-----------+-------------+-----------+-------------+------------+-------------+-------------+------------+
| Vccint    |       1.000 |     0.361 |       0.329 |      0.032 |       NA    | Unspecified | NA         |
| Vccaux    |       1.800 |     0.099 |       0.068 |      0.031 |       NA    | Unspecified | NA         |
| Vcco33    |       3.300 |     0.010 |       0.005 |      0.005 |       NA    | Unspecified | NA         |
| Vcco25    |       2.500 |     0.006 |       0.001 |      0.005 |       NA    | Unspecified | NA         |
| Vcco18    |       1.800 |     0.000 |       0.000 |      0.000 |       NA    | Unspecified | NA         |
| Vcco15    |       1.500 |     0.000 |       0.000 |      0.000 |       NA    | Unspecified | NA         |
| Vcco135   |       1.350 |     0.000 |       0.000 |      0.000 |       NA    | Unspecified | NA         |
| Vcco12    |       1.200 |     0.000 |       0.000 |      0.000 |       NA    | Unspecified | NA         |
| Vccaux_io |       1.800 |     0.000 |       0.000 |      0.000 |       NA    | Unspecified | NA         |
| Vccbram   |       1.000 |     0.001 |       0.000 |      0.001 |       NA    | Unspecified | NA         |
| MGTAVcc   |       1.000 |     0.000 |       0.000 |      0.000 |       NA    | Unspecified | NA         |
| MGTAVtt   |       1.200 |     0.000 |       0.000 |      0.000 |       NA    | Unspecified | NA         |
| Vccadc    |       1.800 |     0.020 |       0.000 |      0.020 |       NA    | Unspecified | NA         |
+-----------+-------------+-----------+-------------+------------+-------------+-------------+------------+


1.3 Confidence Level
--------------------

+-----------------------------+------------+--------------------------------------------------------+------------------------------------------------------------------------------------------------------------+
| User Input Data             | Confidence | Details                                                | Action                                                                                                     |
+-----------------------------+------------+--------------------------------------------------------+------------------------------------------------------------------------------------------------------------+
| Design implementation state | High       | Design is routed                                       |                                                                                                            |
| Clock nodes activity        | High       | User specified more than 95% of clocks                 |                                                                                                            |
| I/O nodes activity          | Low        | More than 75% of inputs are missing user specification | Provide missing input activity with simulation results or by editing the "By Resource Type -> I/Os" view   |
| Internal nodes activity     | Medium     | User specified less than 25% of internal nodes         | Provide missing internal nodes activity with simulation results or by editing the "By Resource Type" views |
| Device models               | High       | Device models are Production                           |                                                                                                            |
|                             |            |                                                        |                                                                                                            |
| Overall confidence level    | Low        |                                                        |                                                                                                            |
+-----------------------------+------------+--------------------------------------------------------+------------------------------------------------------------------------------------------------------------+


2. Settings
-----------

2.1 Environment
---------------

+-----------------------+--------------------------+
| Ambient Temp (C)      | 25.0                     |
| ThetaJA (C/W)         | 3.3                      |
| Airflow (LFM)         | 250                      |
| Heat Sink             | medium (Medium Profile)  |
| ThetaSA (C/W)         | 4.6                      |
| Board Selection       | medium (10"x10")         |
| # of Board Layers     | 12to15 (12 to 15 Layers) |
| Board Temperature (C) | 25.0                     |
+-----------------------+--------------------------+


2.2 Clock Constraints
---------------------

+--------------------------------------------------+-------------------------------------------------------------+-----------------+
| Clock                                            | Domain                                                      | Constraint (ns) |
+--------------------------------------------------+-------------------------------------------------------------+-----------------+
| Audio_Codec/audiocodec_master_clock/inst/clk_in1 | clk_IBUF_BUFG                                               |            10.0 |
| clk_out1_clk_wiz_1                               | Audio_Codec/audiocodec_master_clock/inst/clk_out1_clk_wiz_1 |            81.4 |
| clk_out2_clk_wiz_1                               | Audio_Codec/audiocodec_master_clock/inst/clk_out2_clk_wiz_1 |            20.0 |
| clkfbout_clk_wiz_1                               | Audio_Codec/audiocodec_master_clock/inst/clkfbout_clk_wiz_1 |            10.0 |
+--------------------------------------------------+-------------------------------------------------------------+-----------------+


3. Detailed Reports
-------------------

3.1 By Hierarchy
----------------

+-----------------------------+-----------+
| Name                        | Power (W) |
+-----------------------------+-----------+
| final_project               |     0.471 |
|   Audio_Codec               |     0.125 |
|     audiocodec_master_clock |     0.123 |
|       inst                  |     0.123 |
|   frequency_discern_inst    |     0.326 |
|     gtz_1209                |     0.040 |
|     gtz_1336                |     0.038 |
|     gtz_1477                |     0.040 |
|     gtz_1633                |     0.043 |
|     gtz_697                 |     0.041 |
|     gtz_770                 |     0.040 |
|     gtz_852                 |     0.040 |
|     gtz_941                 |     0.040 |
+-----------------------------+-----------+


