Copyright 1986-2022 Xilinx, Inc. All Rights Reserved. Copyright 2022-2024 Advanced Micro Devices, Inc. All Rights Reserved.
---------------------------------------------------------------------------------------------------------------------------------------------
| Tool Version : Vivado v.2024.2 (win64) Build 5239630 Fri Nov 08 22:35:27 MST 2024
| Date         : Sun May 10 18:06:39 2026
| Host         : C27-5CG31326ZG running 64-bit major release  (build 9200)
| Command      : report_control_sets -verbose -file final_project_control_sets_placed.rpt
| Design       : final_project
| Device       : xc7a200t
---------------------------------------------------------------------------------------------------------------------------------------------

Control Set Information

Table of Contents
-----------------
1. Summary
2. Histogram
3. Flip-Flop Distribution
4. Detailed Control Set Information

1. Summary
----------

+----------------------------------------------------------+-------+
|                          Status                          | Count |
+----------------------------------------------------------+-------+
| Total control sets                                       |    22 |
|    Minimum number of control sets                        |    22 |
|    Addition due to synthesis replication                 |     0 |
|    Addition due to physical synthesis replication        |     0 |
| Unused register locations in slices containing registers |    72 |
+----------------------------------------------------------+-------+
* Control sets can be merged at opt_design using control_set_merge or merge_equivalent_drivers
** Run report_qor_suggestions for automated merging and remapping suggestions


2. Histogram
------------

+--------------------+-------+
|       Fanout       | Count |
+--------------------+-------+
| Total control sets |    22 |
| >= 0 to < 4        |     1 |
| >= 4 to < 6        |     6 |
| >= 6 to < 8        |     5 |
| >= 8 to < 10       |     1 |
| >= 10 to < 12      |     1 |
| >= 12 to < 14      |     0 |
| >= 14 to < 16      |     0 |
| >= 16              |     8 |
+--------------------+-------+
* Control sets can be remapped at either synth_design or opt_design


3. Flip-Flop Distribution
-------------------------

+--------------+-----------------------+------------------------+-----------------+--------------+
| Clock Enable | Synchronous Set/Reset | Asynchronous Set/Reset | Total Registers | Total Slices |
+--------------+-----------------------+------------------------+-----------------+--------------+
| No           | No                    | No                     |              30 |           15 |
| No           | No                    | Yes                    |               0 |            0 |
| No           | Yes                   | No                     |              44 |           12 |
| Yes          | No                    | No                     |              55 |           20 |
| Yes          | No                    | Yes                    |               0 |            0 |
| Yes          | Yes                   | No                     |             143 |           34 |
+--------------+-----------------------+------------------------+-----------------+--------------+


4. Detailed Control Set Information
-----------------------------------

+----------------------------------------------------+-----------------------------------------------------------------------+--------------------------------------------------------------+------------------+----------------+--------------+
|                    Clock Signal                    |                             Enable Signal                             |                       Set/Reset Signal                       | Slice Load Count | Bel Load Count | Bels / Slice |
+----------------------------------------------------+-----------------------------------------------------------------------+--------------------------------------------------------------+------------------+----------------+--------------+
|  frequency_discern_inst/cw_reg[2]_i_1_n_0          |                                                                       |                                                              |                1 |              2 |         2.00 |
|  Audio_Codec/audiocodec_master_clock/inst/clk_out2 | Audio_Codec/initialize_audio/twi_controller/FSM_gray_state[3]_i_1_n_0 |                                                              |                3 |              4 |         1.33 |
|  Audio_Codec/audiocodec_master_clock/inst/clk_out2 | Audio_Codec/initialize_audio/twi_controller/DONE_O_reg_0[0]           | Audio_Codec/audio_inout/SR[0]                                |                2 |              4 |         2.00 |
|  Audio_Codec/audiocodec_master_clock/inst/clk_out2 | reset_n_IBUF                                                          | Audio_Codec/initialize_audio/data_i[5]_i_1_n_0               |                1 |              4 |         4.00 |
|  clk_IBUF_BUFG                                     |                                                                       | Audio_Codec/audio_inout/Cnt_Bclk[4]_i_1_n_0                  |                1 |              5 |         5.00 |
|  clk_IBUF_BUFG                                     | Audio_Codec/audio_inout/BCLK_Fall_int                                 | Audio_Codec/audio_inout/SR[0]                                |                2 |              5 |         2.50 |
|  clk_IBUF_BUFG                                     | frequency_discern_inst/window_counter/w_processQ[11]_i_2_n_0          | frequency_discern_inst/window_counter/p_0_in0                |                3 |              5 |         1.67 |
|  Audio_Codec/audiocodec_master_clock/inst/clk_out2 | reset_n_IBUF                                                          |                                                              |                2 |              6 |         3.00 |
|  clk_IBUF_BUFG                                     | frequency_discern_inst/window_counter/w_processQ13_out                | frequency_discern_inst/window_counter/w_processQ[10]_i_1_n_0 |                3 |              7 |         2.33 |
|  Audio_Codec/audiocodec_master_clock/inst/clk_out2 |                                                                       | Audio_Codec/initialize_audio/twi_controller/busFreeCnt0_1    |                2 |              7 |         3.50 |
|  Audio_Codec/audiocodec_master_clock/inst/clk_out2 | Audio_Codec/initialize_audio/twi_controller/E[0]                      | Audio_Codec/audio_inout/SR[0]                                |                2 |              7 |         3.50 |
|  Audio_Codec/audiocodec_master_clock/inst/clk_out2 | Audio_Codec/initialize_audio/twi_controller/sclCnt[6]_i_2_n_0         | Audio_Codec/initialize_audio/twi_controller/sclCnt0_0        |                2 |              7 |         3.50 |
|  Audio_Codec/audiocodec_master_clock/inst/clk_out2 | Audio_Codec/initialize_audio/twi_controller/dataByte[7]_i_1_n_0       |                                                              |                2 |              8 |         4.00 |
|  clk_IBUF_BUFG                                     |                                                                       |                                                              |                6 |             10 |         1.67 |
|  clk_IBUF_BUFG                                     | Audio_Codec/audio_inout/D_L_O_int                                     | Audio_Codec/audio_inout/SR[0]                                |                3 |             18 |         6.00 |
|  clk_IBUF_BUFG                                     | Audio_Codec/audio_inout/D_R_O_int[23]_i_1_n_0                         | Audio_Codec/audio_inout/SR[0]                                |                4 |             18 |         4.50 |
|  Audio_Codec/audiocodec_master_clock/inst/clk_out2 |                                                                       |                                                              |                8 |             18 |         2.25 |
|  Audio_Codec/audiocodec_master_clock/inst/clk_out2 | Audio_Codec/initialize_audio/initWord[30]_i_1_n_0                     |                                                              |                5 |             18 |         3.60 |
|  clk_IBUF_BUFG                                     | Audio_Codec/audio_inout/Data_Out_int[31]_i_1_n_0                      |                                                              |                8 |             19 |         2.38 |
|  clk_IBUF_BUFG                                     | Audio_Codec/audio_inout/p_17_in                                       | Audio_Codec/audio_inout/Data_In_int[31]_i_1_n_0              |                6 |             32 |         5.33 |
|  Audio_Codec/audiocodec_master_clock/inst/clk_out2 |                                                                       | Audio_Codec/initialize_audio/delaycnt0                       |                9 |             32 |         3.56 |
|  clk_IBUF_BUFG                                     | Audio_Codec/E[0]                                                      | Audio_Codec/audio_inout/SR[0]                                |                6 |             36 |         6.00 |
+----------------------------------------------------+-----------------------------------------------------------------------+--------------------------------------------------------------+------------------+----------------+--------------+


