Copyright 1986-2022 Xilinx, Inc. All Rights Reserved. Copyright 2022-2024 Advanced Micro Devices, Inc. All Rights Reserved.
---------------------------------------------------------------------------------------------------------------------------------------------
| Tool Version : Vivado v.2024.2 (win64) Build 5239630 Fri Nov 08 22:35:27 MST 2024
| Date         : Sat May  9 20:09:55 2026
| Host         : C27-5CG31326ZG running 64-bit major release  (build 9200)
| Command      : report_control_sets -verbose -file final_project_control_sets_placed.rpt
| Design       : final_project
| Device       : xc7a200t
---------------------------------------------------------------------------------------------------------------------------------------------

Control Set Information

Table of Contents
-----------------
1. Summary
2. Histogram
3. Flip-Flop Distribution
4. Detailed Control Set Information

1. Summary
----------

+----------------------------------------------------------+-------+
|                          Status                          | Count |
+----------------------------------------------------------+-------+
| Total control sets                                       |    25 |
|    Minimum number of control sets                        |    25 |
|    Addition due to synthesis replication                 |     0 |
|    Addition due to physical synthesis replication        |     0 |
| Unused register locations in slices containing registers |    70 |
+----------------------------------------------------------+-------+
* Control sets can be merged at opt_design using control_set_merge or merge_equivalent_drivers
** Run report_qor_suggestions for automated merging and remapping suggestions


2. Histogram
------------

+--------------------+-------+
|       Fanout       | Count |
+--------------------+-------+
| Total control sets |    25 |
| >= 0 to < 4        |     1 |
| >= 4 to < 6        |     5 |
| >= 6 to < 8        |     4 |
| >= 8 to < 10       |     1 |
| >= 10 to < 12      |     1 |
| >= 12 to < 14      |     0 |
| >= 14 to < 16      |     0 |
| >= 16              |    13 |
+--------------------+-------+
* Control sets can be remapped at either synth_design or opt_design


3. Flip-Flop Distribution
-------------------------

+--------------+-----------------------+------------------------+-----------------+--------------+
| Clock Enable | Synchronous Set/Reset | Asynchronous Set/Reset | Total Registers | Total Slices |
+--------------+-----------------------+------------------------+-----------------+--------------+
| No           | No                    | No                     |             328 |           63 |
| No           | No                    | Yes                    |               0 |            0 |
| No           | Yes                   | No                     |              44 |           13 |
| Yes          | No                    | No                     |            1611 |          424 |
| Yes          | No                    | Yes                    |               0 |            0 |
| Yes          | Yes                   | No                     |             659 |          179 |
+--------------+-----------------------+------------------------+-----------------+--------------+


4. Detailed Control Set Information
-----------------------------------

+----------------------------------------------------+-----------------------------------------------------------------------+--------------------------------------------------------------+------------------+----------------+--------------+
|                    Clock Signal                    |                             Enable Signal                             |                       Set/Reset Signal                       | Slice Load Count | Bel Load Count | Bels / Slice |
+----------------------------------------------------+-----------------------------------------------------------------------+--------------------------------------------------------------+------------------+----------------+--------------+
|  frequency_discern_inst/cw_reg[2]_i_1_n_0          |                                                                       |                                                              |                1 |              3 |         3.00 |
|  Audio_Codec/audiocodec_master_clock/inst/clk_out2 | Audio_Codec/initialize_audio/twi_controller/FSM_gray_state[3]_i_1_n_0 |                                                              |                1 |              4 |         4.00 |
|  Audio_Codec/audiocodec_master_clock/inst/clk_out2 | Audio_Codec/initialize_audio/twi_controller/state_reg[0][0]           | frequency_discern_inst/gtz_1477/reset_n                      |                2 |              4 |         2.00 |
|  clk_IBUF_BUFG                                     |                                                                       | Audio_Codec/audio_inout/Cnt_Bclk[4]_i_1_n_0                  |                1 |              5 |         5.00 |
|  clk_IBUF_BUFG                                     | Audio_Codec/audio_inout/BCLK_Fall_int                                 | frequency_discern_inst/gtz_1477/reset_n                      |                2 |              5 |         2.50 |
|  clk_IBUF_BUFG                                     | frequency_discern_inst/window_counter/w_processQ[11]_i_2_n_0          | frequency_discern_inst/window_counter/p_0_in0                |                2 |              5 |         2.50 |
|  Audio_Codec/audiocodec_master_clock/inst/clk_out2 |                                                                       | Audio_Codec/initialize_audio/twi_controller/busFreeCnt0_1    |                3 |              7 |         2.33 |
|  Audio_Codec/audiocodec_master_clock/inst/clk_out2 | Audio_Codec/initialize_audio/twi_controller/sclCnt[6]_i_2_n_0         | Audio_Codec/initialize_audio/twi_controller/sclCnt0_0        |                3 |              7 |         2.33 |
|  Audio_Codec/audiocodec_master_clock/inst/clk_out2 | Audio_Codec/initialize_audio/twi_controller/E[0]                      | frequency_discern_inst/gtz_1477/reset_n                      |                1 |              7 |         7.00 |
|  clk_IBUF_BUFG                                     | frequency_discern_inst/window_counter/w_processQ13_out                | frequency_discern_inst/window_counter/w_processQ[10]_i_1_n_0 |                3 |              7 |         2.33 |
|  Audio_Codec/audiocodec_master_clock/inst/clk_out2 | Audio_Codec/initialize_audio/twi_controller/dataByte[7]_i_1_n_0       |                                                              |                3 |              8 |         2.67 |
|  Audio_Codec/audiocodec_master_clock/inst/clk_out2 | reset_n_IBUF                                                          |                                                              |                4 |             10 |         2.50 |
|  clk_IBUF_BUFG                                     | Audio_Codec/ready_sig_reg_0[0]                                        |                                                              |                4 |             16 |         4.00 |
|  Audio_Codec/audiocodec_master_clock/inst/clk_out2 |                                                                       |                                                              |                8 |             18 |         2.25 |
|  Audio_Codec/audiocodec_master_clock/inst/clk_out2 | Audio_Codec/initialize_audio/initWord[30]_i_1_n_0                     |                                                              |                8 |             18 |         2.25 |
|  clk_IBUF_BUFG                                     | Audio_Codec/audio_inout/D_L_O_int                                     | frequency_discern_inst/gtz_1477/reset_n                      |                7 |             18 |         2.57 |
|  clk_IBUF_BUFG                                     | Audio_Codec/audio_inout/D_R_O_int[23]_i_1_n_0                         | frequency_discern_inst/gtz_1477/reset_n                      |                6 |             18 |         3.00 |
|  clk_IBUF_BUFG                                     | Audio_Codec/audio_inout/Data_Out_int[31]_i_1_n_0                      |                                                              |                6 |             19 |         3.17 |
|  Audio_Codec/audiocodec_master_clock/inst/clk_out2 |                                                                       | Audio_Codec/initialize_audio/delaycnt0                       |                9 |             32 |         3.56 |
|  clk_IBUF_BUFG                                     | Audio_Codec/audio_inout/p_17_in                                       | Audio_Codec/audio_inout/Data_In_int[31]_i_1_n_0              |                9 |             32 |         3.56 |
|  clk_IBUF_BUFG                                     | Audio_Codec/E[0]                                                      | frequency_discern_inst/gtz_1477/reset_n                      |                8 |             36 |         4.50 |
|  clk_IBUF_BUFG                                     |                                                                       |                                                              |               54 |            307 |         5.69 |
|  clk_IBUF_BUFG                                     | frequency_discern_inst/gtz_770/E[0]                                   |                                                              |              136 |            512 |         3.76 |
|  clk_IBUF_BUFG                                     | frequency_discern_inst/ja_OBUF[1]                                     | frequency_discern_inst/gtz_1477/reset_n                      |              136 |            520 |         3.82 |
|  clk_IBUF_BUFG                                     | frequency_discern_inst/gtz_770/s_prev2_Q3232                          |                                                              |              262 |           1024 |         3.91 |
+----------------------------------------------------+-----------------------------------------------------------------------+--------------------------------------------------------------+------------------+----------------+--------------+


