
*** Running vivado
    with args -log final_project.vdi -applog -m64 -product Vivado -messageDb vivado.pb -mode batch -source final_project.tcl -notrace



****** Vivado v2024.2 (64-bit)
  **** SW Build 5239630 on Fri Nov 08 22:35:27 MST 2024
  **** IP Build 5239520 on Sun Nov 10 16:12:51 MST 2024
  **** SharedData Build 5239561 on Fri Nov 08 14:39:27 MST 2024
  **** Start of session at: Sat May  9 20:08:51 2026
    ** Copyright 1986-2022 Xilinx, Inc. All Rights Reserved.
    ** Copyright 2022-2024 Advanced Micro Devices, Inc. All Rights Reserved.

source final_project.tcl -notrace
Command: link_design -top final_project -part xc7a200tsbg484-1
Design is defaulting to srcset: sources_1
Design is defaulting to constrset: constrs_1
INFO: [Device 21-403] Loading part xc7a200tsbg484-1
INFO: [Project 1-454] Reading design checkpoint 'c:/Users/C27Bruno.Graziano/ece383_wksp/bg_Final_Project_383/bg_Final_Project_383.gen/sources_1/ip/clk_wiz_1/clk_wiz_1.dcp' for cell 'Audio_Codec/audiocodec_master_clock'
Netlist sorting complete. Time (s): cpu = 00:00:00 ; elapsed = 00:00:00.112 . Memory (MB): peak = 572.863 ; gain = 0.000
INFO: [Netlist 29-17] Analyzing 1243 Unisim elements for replacement
INFO: [Netlist 29-28] Unisim Transformation completed in 0 CPU seconds
INFO: [Project 1-479] Netlist was created with Vivado 2024.2
INFO: [Project 1-570] Preparing netlist for logic optimization
WARNING: [Opt 31-35] Removing redundant IBUF, Audio_Codec/audiocodec_master_clock/inst/clkin1_ibufg, from the path connected to top-level port: clk 
Resolution: The tool has removed redundant IBUF. To resolve this warning, check for redundant IBUF in the input design.
WARNING: [Constraints 18-550] Could not create 'IBUF_LOW_PWR' constraint because net 'Audio_Codec/audiocodec_master_clock/clk_in1' is not directly connected to top level port. 'IBUF_LOW_PWR' is ignored for synthesis but preserved for implementation.
Parsing XDC File [c:/Users/C27Bruno.Graziano/ece383_wksp/bg_Final_Project_383/bg_Final_Project_383.gen/sources_1/ip/clk_wiz_1/clk_wiz_1_board.xdc] for cell 'Audio_Codec/audiocodec_master_clock/inst'
Finished Parsing XDC File [c:/Users/C27Bruno.Graziano/ece383_wksp/bg_Final_Project_383/bg_Final_Project_383.gen/sources_1/ip/clk_wiz_1/clk_wiz_1_board.xdc] for cell 'Audio_Codec/audiocodec_master_clock/inst'
Parsing XDC File [c:/Users/C27Bruno.Graziano/ece383_wksp/bg_Final_Project_383/bg_Final_Project_383.gen/sources_1/ip/clk_wiz_1/clk_wiz_1.xdc] for cell 'Audio_Codec/audiocodec_master_clock/inst'
INFO: [Timing 38-35] Done setting XDC timing constraints. [c:/Users/C27Bruno.Graziano/ece383_wksp/bg_Final_Project_383/bg_Final_Project_383.gen/sources_1/ip/clk_wiz_1/clk_wiz_1.xdc:54]
INFO: [Timing 38-2] Deriving generated clocks [c:/Users/C27Bruno.Graziano/ece383_wksp/bg_Final_Project_383/bg_Final_Project_383.gen/sources_1/ip/clk_wiz_1/clk_wiz_1.xdc:54]
get_clocks: Time (s): cpu = 00:00:06 ; elapsed = 00:00:08 . Memory (MB): peak = 1367.324 ; gain = 652.941
Finished Parsing XDC File [c:/Users/C27Bruno.Graziano/ece383_wksp/bg_Final_Project_383/bg_Final_Project_383.gen/sources_1/ip/clk_wiz_1/clk_wiz_1.xdc] for cell 'Audio_Codec/audiocodec_master_clock/inst'
Parsing XDC File [C:/Users/C27Bruno.Graziano/ece383_wksp/bg_Final_Project_383/bg_Final_Project_383.srcs/constrs_1/imports/lab2/Lab2.xdc]
Finished Parsing XDC File [C:/Users/C27Bruno.Graziano/ece383_wksp/bg_Final_Project_383/bg_Final_Project_383.srcs/constrs_1/imports/lab2/Lab2.xdc]
INFO: [Opt 31-138] Pushed 0 inverter(s) to 0 load pin(s).
Netlist sorting complete. Time (s): cpu = 00:00:00 ; elapsed = 00:00:00.002 . Memory (MB): peak = 1367.324 ; gain = 0.000
INFO: [Project 1-111] Unisim Transformation Summary:
  A total of 2 instances were transformed.
  IOBUF => IOBUF (IBUF, OBUFT): 2 instances

10 Infos, 2 Warnings, 0 Critical Warnings and 0 Errors encountered.
link_design completed successfully
link_design: Time (s): cpu = 00:00:11 ; elapsed = 00:00:17 . Memory (MB): peak = 1367.324 ; gain = 1061.473
Command: opt_design
Attempting to get a license for feature 'Implementation' and/or device 'xc7a200t'
INFO: [Common 17-349] Got license for feature 'Implementation' and/or device 'xc7a200t'
Running DRC as a precondition to command opt_design

Starting DRC Task
INFO: [DRC 23-27] Running DRC with 2 threads
INFO: [Project 1-461] DRC finished with 0 Errors
INFO: [Project 1-462] Please refer to the DRC report (report_drc) for more information.

Time (s): cpu = 00:00:01 ; elapsed = 00:00:02 . Memory (MB): peak = 1367.324 ; gain = 0.000

Starting Cache Timing Information Task
INFO: [Timing 38-35] Done setting XDC timing constraints.
Ending Cache Timing Information Task | Checksum: 11c2f7862

Time (s): cpu = 00:00:02 ; elapsed = 00:00:02 . Memory (MB): peak = 1392.695 ; gain = 25.371

Starting Logic Optimization Task

Phase 1 Initialization

Phase 1.1 Core Generation And Design Setup
Phase 1.1 Core Generation And Design Setup | Checksum: 11c2f7862

Time (s): cpu = 00:00:00 ; elapsed = 00:00:00.021 . Memory (MB): peak = 1786.234 ; gain = 0.000

Phase 1.2 Setup Constraints And Sort Netlist
Phase 1.2 Setup Constraints And Sort Netlist | Checksum: 11c2f7862

Time (s): cpu = 00:00:00 ; elapsed = 00:00:00.030 . Memory (MB): peak = 1786.234 ; gain = 0.000
Phase 1 Initialization | Checksum: 11c2f7862

Time (s): cpu = 00:00:00 ; elapsed = 00:00:00.032 . Memory (MB): peak = 1786.234 ; gain = 0.000

Phase 2 Timer Update And Timing Data Collection

Phase 2.1 Timer Update
Phase 2.1 Timer Update | Checksum: 11c2f7862

Time (s): cpu = 00:00:01 ; elapsed = 00:00:00.530 . Memory (MB): peak = 1786.234 ; gain = 0.000

Phase 2.2 Timing Data Collection
Phase 2.2 Timing Data Collection | Checksum: 11c2f7862

Time (s): cpu = 00:00:01 ; elapsed = 00:00:00.571 . Memory (MB): peak = 1786.234 ; gain = 0.000
Phase 2 Timer Update And Timing Data Collection | Checksum: 11c2f7862

Time (s): cpu = 00:00:01 ; elapsed = 00:00:00.574 . Memory (MB): peak = 1786.234 ; gain = 0.000

Phase 3 Retarget
INFO: [Opt 31-1851] Number of loadless carry chains removed were: 0
INFO: [Opt 31-1834] Total Chains To Be Transformed Were: 0 AND Number of Transformed insts Created are: 0
INFO: [Opt 31-138] Pushed 1 inverter(s) to 1 load pin(s).
INFO: [Opt 31-49] Retargeted 0 cell(s).
Phase 3 Retarget | Checksum: 211a3c199

Time (s): cpu = 00:00:01 ; elapsed = 00:00:00.797 . Memory (MB): peak = 1786.234 ; gain = 0.000
Retarget | Checksum: 211a3c199
INFO: [Opt 31-389] Phase Retarget created 0 cells and removed 1 cells
INFO: [Opt 31-1021] In phase Retarget, 2 netlist objects are constrained preventing optimization. Please run opt_design with -debug_log to get more detail. 

Phase 4 Constant propagation
INFO: [Opt 31-138] Pushed 0 inverter(s) to 0 load pin(s).
Phase 4 Constant propagation | Checksum: 1658926d7

Time (s): cpu = 00:00:01 ; elapsed = 00:00:00.967 . Memory (MB): peak = 1786.234 ; gain = 0.000
Constant propagation | Checksum: 1658926d7
INFO: [Opt 31-389] Phase Constant propagation created 0 cells and removed 0 cells
INFO: [Opt 31-1021] In phase Constant propagation, 1 netlist objects are constrained preventing optimization. Please run opt_design with -debug_log to get more detail. 

Phase 5 Sweep
INFO: [Constraints 18-11670] Building netlist checker database with flags, 0x8
Done building netlist checker database: Time (s): cpu = 00:00:00 ; elapsed = 00:00:00.002 . Memory (MB): peak = 1786.234 ; gain = 0.000
Phase 5 Sweep | Checksum: 1fb17992e

Time (s): cpu = 00:00:01 ; elapsed = 00:00:01 . Memory (MB): peak = 1786.234 ; gain = 0.000
Sweep | Checksum: 1fb17992e
INFO: [Opt 31-389] Phase Sweep created 0 cells and removed 0 cells
INFO: [Opt 31-1021] In phase Sweep, 1 netlist objects are constrained preventing optimization. Please run opt_design with -debug_log to get more detail. 

Phase 6 BUFG optimization
INFO: [Opt 31-194] Inserted BUFG clk_IBUF_BUFG_inst to drive 2678 load(s) on clock net clk_IBUF_BUFG
INFO: [Opt 31-193] Inserted 1 BUFG(s) on clock nets
Phase 6 BUFG optimization | Checksum: 16318c463

Time (s): cpu = 00:00:01 ; elapsed = 00:00:02 . Memory (MB): peak = 1786.234 ; gain = 0.000
BUFG optimization | Checksum: 16318c463
INFO: [Opt 31-662] Phase BUFG optimization created 1 cells of which 1 are BUFGs and removed 0 cells.

Phase 7 Shift Register Optimization
INFO: [Opt 31-1064] SRL Remap converted 0 SRLs to 0 registers and converted 0 registers of register chains to 0 SRLs
Phase 7 Shift Register Optimization | Checksum: 16318c463

Time (s): cpu = 00:00:01 ; elapsed = 00:00:02 . Memory (MB): peak = 1786.234 ; gain = 0.000
Shift Register Optimization | Checksum: 16318c463
INFO: [Opt 31-389] Phase Shift Register Optimization created 0 cells and removed 0 cells

Phase 8 Post Processing Netlist
Phase 8 Post Processing Netlist | Checksum: 16318c463

Time (s): cpu = 00:00:01 ; elapsed = 00:00:02 . Memory (MB): peak = 1786.234 ; gain = 0.000
Post Processing Netlist | Checksum: 16318c463
INFO: [Opt 31-389] Phase Post Processing Netlist created 0 cells and removed 0 cells

Phase 9 Finalization

Phase 9.1 Finalizing Design Cores and Updating Shapes
Phase 9.1 Finalizing Design Cores and Updating Shapes | Checksum: 18bd546cf

Time (s): cpu = 00:00:02 ; elapsed = 00:00:02 . Memory (MB): peak = 1786.234 ; gain = 0.000

Phase 9.2 Verifying Netlist Connectivity

Starting Connectivity Check Task

Time (s): cpu = 00:00:00 ; elapsed = 00:00:00.036 . Memory (MB): peak = 1786.234 ; gain = 0.000
Phase 9.2 Verifying Netlist Connectivity | Checksum: 18bd546cf

Time (s): cpu = 00:00:02 ; elapsed = 00:00:02 . Memory (MB): peak = 1786.234 ; gain = 0.000
Phase 9 Finalization | Checksum: 18bd546cf

Time (s): cpu = 00:00:02 ; elapsed = 00:00:02 . Memory (MB): peak = 1786.234 ; gain = 0.000
Opt_design Change Summary
=========================


-------------------------------------------------------------------------------------------------------------------------
|  Phase                        |  #Cells created  |  #Cells Removed  |  #Constrained objects preventing optimizations  |
-------------------------------------------------------------------------------------------------------------------------
|  Retarget                     |               0  |               1  |                                              2  |
|  Constant propagation         |               0  |               0  |                                              1  |
|  Sweep                        |               0  |               0  |                                              1  |
|  BUFG optimization            |               1  |               0  |                                              0  |
|  Shift Register Optimization  |               0  |               0  |                                              0  |
|  Post Processing Netlist      |               0  |               0  |                                              0  |
-------------------------------------------------------------------------------------------------------------------------


Ending Logic Optimization Task | Checksum: 18bd546cf

Time (s): cpu = 00:00:02 ; elapsed = 00:00:02 . Memory (MB): peak = 1786.234 ; gain = 0.000

Starting Power Optimization Task
INFO: [Pwropt 34-132] Skipping clock gating for clocks with a period < 2.00 ns.
Ending Power Optimization Task | Checksum: 18bd546cf

Time (s): cpu = 00:00:00 ; elapsed = 00:00:00.035 . Memory (MB): peak = 1786.234 ; gain = 0.000

Starting Final Cleanup Task
Ending Final Cleanup Task | Checksum: 18bd546cf

Time (s): cpu = 00:00:00 ; elapsed = 00:00:00.003 . Memory (MB): peak = 1786.234 ; gain = 0.000

Starting Netlist Obfuscation Task
Netlist sorting complete. Time (s): cpu = 00:00:00 ; elapsed = 00:00:00.002 . Memory (MB): peak = 1786.234 ; gain = 0.000
Ending Netlist Obfuscation Task | Checksum: 18bd546cf

Time (s): cpu = 00:00:00 ; elapsed = 00:00:00.005 . Memory (MB): peak = 1786.234 ; gain = 0.000
INFO: [Common 17-83] Releasing license: Implementation
35 Infos, 2 Warnings, 0 Critical Warnings and 0 Errors encountered.
opt_design completed successfully
opt_design: Time (s): cpu = 00:00:07 ; elapsed = 00:00:09 . Memory (MB): peak = 1786.234 ; gain = 418.910
INFO: [Vivado 12-24828] Executing command : report_drc -file final_project_drc_opted.rpt -pb final_project_drc_opted.pb -rpx final_project_drc_opted.rpx
Command: report_drc -file final_project_drc_opted.rpt -pb final_project_drc_opted.pb -rpx final_project_drc_opted.rpx
INFO: [IP_Flow 19-1839] IP Catalog is up to date.
INFO: [DRC 23-27] Running DRC with 2 threads
INFO: [Vivado_Tcl 2-168] The results of DRC are in file C:/Users/C27Bruno.Graziano/ece383_wksp/bg_Final_Project_383/bg_Final_Project_383.runs/impl_1/final_project_drc_opted.rpt.
report_drc completed successfully
INFO: [Timing 38-35] Done setting XDC timing constraints.
INFO: [Timing 38-480] Writing timing data to binary archive.
Wrote PlaceDB: Time (s): cpu = 00:00:00 ; elapsed = 00:00:00.004 . Memory (MB): peak = 1786.234 ; gain = 0.000
Wrote PulsedLatchDB: Time (s): cpu = 00:00:00 ; elapsed = 00:00:00 . Memory (MB): peak = 1786.234 ; gain = 0.000
Writing XDEF routing.
Write ShapeDB Complete: Time (s): cpu = 00:00:00 ; elapsed = 00:00:00.044 . Memory (MB): peak = 1786.234 ; gain = 0.000
Writing XDEF routing logical nets.
Writing XDEF routing special nets.
Wrote RouteStorage: Time (s): cpu = 00:00:00 ; elapsed = 00:00:00.048 . Memory (MB): peak = 1786.234 ; gain = 0.000
Wrote Netlist Cache: Time (s): cpu = 00:00:00 ; elapsed = 00:00:00 . Memory (MB): peak = 1786.234 ; gain = 0.000
Wrote Device Cache: Time (s): cpu = 00:00:00 ; elapsed = 00:00:00.010 . Memory (MB): peak = 1786.234 ; gain = 0.000
Write Physdb Complete: Time (s): cpu = 00:00:00 ; elapsed = 00:00:00.076 . Memory (MB): peak = 1786.234 ; gain = 0.000
INFO: [Common 17-1381] The checkpoint 'C:/Users/C27Bruno.Graziano/ece383_wksp/bg_Final_Project_383/bg_Final_Project_383.runs/impl_1/final_project_opt.dcp' has been generated.
Command: place_design
Attempting to get a license for feature 'Implementation' and/or device 'xc7a200t'
INFO: [Common 17-349] Got license for feature 'Implementation' and/or device 'xc7a200t'
INFO: [Common 17-83] Releasing license: Implementation
INFO: [DRC 23-27] Running DRC with 2 threads
INFO: [Vivado_Tcl 4-198] DRC finished with 0 Errors
INFO: [Vivado_Tcl 4-199] Please refer to the DRC report (report_drc) for more information.
Running DRC as a precondition to command place_design
INFO: [DRC 23-27] Running DRC with 2 threads
INFO: [Vivado_Tcl 4-198] DRC finished with 0 Errors
INFO: [Vivado_Tcl 4-199] Please refer to the DRC report (report_drc) for more information.
INFO: [Place 30-611] Multithreading enabled for place_design using a maximum of 2 CPUs

Starting Placer Task

Phase 1 Placer Initialization

Phase 1.1 Placer Initialization Netlist Sorting
Netlist sorting complete. Time (s): cpu = 00:00:00 ; elapsed = 00:00:00.003 . Memory (MB): peak = 1786.234 ; gain = 0.000
Phase 1.1 Placer Initialization Netlist Sorting | Checksum: 169b2dc10

Time (s): cpu = 00:00:00 ; elapsed = 00:00:00.012 . Memory (MB): peak = 1786.234 ; gain = 0.000
Netlist sorting complete. Time (s): cpu = 00:00:00 ; elapsed = 00:00:00.002 . Memory (MB): peak = 1786.234 ; gain = 0.000

Phase 1.2 IO Placement/ Clock Placement/ Build Placer Device
Phase 1.2 IO Placement/ Clock Placement/ Build Placer Device | Checksum: 1f905995e

Time (s): cpu = 00:00:01 ; elapsed = 00:00:00.833 . Memory (MB): peak = 1786.234 ; gain = 0.000

Phase 1.3 Build Placer Netlist Model
Phase 1.3 Build Placer Netlist Model | Checksum: 2ef48443a

Time (s): cpu = 00:00:03 ; elapsed = 00:00:04 . Memory (MB): peak = 1786.234 ; gain = 0.000

Phase 1.4 Constrain Clocks/Macros
Phase 1.4 Constrain Clocks/Macros | Checksum: 2ef48443a

Time (s): cpu = 00:00:03 ; elapsed = 00:00:05 . Memory (MB): peak = 1786.234 ; gain = 0.000
Phase 1 Placer Initialization | Checksum: 2ef48443a

Time (s): cpu = 00:00:03 ; elapsed = 00:00:05 . Memory (MB): peak = 1786.234 ; gain = 0.000

Phase 2 Global Placement

Phase 2.1 Floorplanning
Phase 2.1 Floorplanning | Checksum: 2429115e5

Time (s): cpu = 00:00:03 ; elapsed = 00:00:05 . Memory (MB): peak = 1786.234 ; gain = 0.000

Phase 2.2 Update Timing before SLR Path Opt
Phase 2.2 Update Timing before SLR Path Opt | Checksum: 2e5e67100

Time (s): cpu = 00:00:03 ; elapsed = 00:00:05 . Memory (MB): peak = 1786.234 ; gain = 0.000

Phase 2.3 Post-Processing in Floorplanning
Phase 2.3 Post-Processing in Floorplanning | Checksum: 2e5e67100

Time (s): cpu = 00:00:03 ; elapsed = 00:00:05 . Memory (MB): peak = 1786.234 ; gain = 0.000

Phase 2.4 Global Place Phase1
Phase 2.4 Global Place Phase1 | Checksum: 2fba56dfb

Time (s): cpu = 00:00:06 ; elapsed = 00:00:09 . Memory (MB): peak = 1786.234 ; gain = 0.000

Phase 2.5 Global Place Phase2

Phase 2.5.1 UpdateTiming Before Physical Synthesis
Phase 2.5.1 UpdateTiming Before Physical Synthesis | Checksum: 2fba56dfb

Time (s): cpu = 00:00:07 ; elapsed = 00:00:10 . Memory (MB): peak = 1786.234 ; gain = 0.000

Phase 2.5.2 Physical Synthesis In Placer
INFO: [Physopt 32-1035] Found 0 LUTNM shape to break, 874 LUT instances to create LUTNM shape
INFO: [Physopt 32-1044] Break lutnm for timing: one critical 0, two critical 0, total 0, new lutff created 0
INFO: [Physopt 32-1138] End 1 Pass. Optimized 346 nets or LUTs. Breaked 0 LUT, combined 346 existing LUTs and moved 0 existing LUT
INFO: [Physopt 32-65] No nets found for high-fanout optimization.
INFO: [Physopt 32-232] Optimized 0 net. Created 0 new instance.
INFO: [Physopt 32-775] End 1 Pass. Optimized 0 net or cell. Created 0 new cell, deleted 0 existing cell and moved 0 existing cell
INFO: [Physopt 32-670] No setup violation found.  DSP Register Optimization was not performed.
INFO: [Physopt 32-670] No setup violation found.  Shift Register to Pipeline Optimization was not performed.
INFO: [Physopt 32-670] No setup violation found.  Shift Register Optimization was not performed.
INFO: [Physopt 32-670] No setup violation found.  BRAM Register Optimization was not performed.
INFO: [Physopt 32-670] No setup violation found.  URAM Register Optimization was not performed.
INFO: [Physopt 32-949] No candidate nets found for dynamic/static region interface net replication
INFO: [Physopt 32-775] End 1 Pass. Optimized 0 net or cell. Created 0 new cell, deleted 0 existing cell and moved 0 existing cell
Netlist sorting complete. Time (s): cpu = 00:00:00 ; elapsed = 00:00:00.003 . Memory (MB): peak = 1786.234 ; gain = 0.000

Summary of Physical Synthesis Optimizations
============================================


-----------------------------------------------------------------------------------------------------------------------------------------------------------
|  Optimization                                     |  Added Cells  |  Removed Cells  |  Optimized Cells/Nets  |  Dont Touch  |  Iterations  |  Elapsed   |
-----------------------------------------------------------------------------------------------------------------------------------------------------------
|  LUT Combining                                    |            0  |            346  |                   346  |           0  |           1  |  00:00:00  |
|  Retime                                           |            0  |              0  |                     0  |           0  |           1  |  00:00:00  |
|  Very High Fanout                                 |            0  |              0  |                     0  |           0  |           1  |  00:00:00  |
|  DSP Register                                     |            0  |              0  |                     0  |           0  |           0  |  00:00:00  |
|  Shift Register to Pipeline                       |            0  |              0  |                     0  |           0  |           0  |  00:00:00  |
|  Shift Register                                   |            0  |              0  |                     0  |           0  |           0  |  00:00:00  |
|  BRAM Register                                    |            0  |              0  |                     0  |           0  |           0  |  00:00:00  |
|  URAM Register                                    |            0  |              0  |                     0  |           0  |           0  |  00:00:00  |
|  Dynamic/Static Region Interface Net Replication  |            0  |              0  |                     0  |           0  |           1  |  00:00:00  |
|  Total                                            |            0  |            346  |                   346  |           0  |           4  |  00:00:00  |
-----------------------------------------------------------------------------------------------------------------------------------------------------------


Phase 2.5.2 Physical Synthesis In Placer | Checksum: 21c546841

Time (s): cpu = 00:00:08 ; elapsed = 00:00:11 . Memory (MB): peak = 1786.234 ; gain = 0.000
Phase 2.5 Global Place Phase2 | Checksum: 23a715fd5

Time (s): cpu = 00:00:08 ; elapsed = 00:00:13 . Memory (MB): peak = 1786.234 ; gain = 0.000
Phase 2 Global Placement | Checksum: 23a715fd5

Time (s): cpu = 00:00:08 ; elapsed = 00:00:13 . Memory (MB): peak = 1786.234 ; gain = 0.000

Phase 3 Detail Placement

Phase 3.1 Commit Multi Column Macros
Phase 3.1 Commit Multi Column Macros | Checksum: 214b1c108

Time (s): cpu = 00:00:09 ; elapsed = 00:00:13 . Memory (MB): peak = 1786.234 ; gain = 0.000

Phase 3.2 Commit Most Macros & LUTRAMs
Phase 3.2 Commit Most Macros & LUTRAMs | Checksum: 2b6db12a7

Time (s): cpu = 00:00:09 ; elapsed = 00:00:14 . Memory (MB): peak = 1786.234 ; gain = 0.000

Phase 3.3 Area Swap Optimization
Phase 3.3 Area Swap Optimization | Checksum: 330f4d8ba

Time (s): cpu = 00:00:09 ; elapsed = 00:00:14 . Memory (MB): peak = 1786.234 ; gain = 0.000

Phase 3.4 Pipeline Register Optimization
Phase 3.4 Pipeline Register Optimization | Checksum: 3559b67b8

Time (s): cpu = 00:00:09 ; elapsed = 00:00:14 . Memory (MB): peak = 1786.234 ; gain = 0.000

Phase 3.5 Small Shape Detail Placement
Phase 3.5 Small Shape Detail Placement | Checksum: 2a8ff4428

Time (s): cpu = 00:00:10 ; elapsed = 00:00:15 . Memory (MB): peak = 1786.234 ; gain = 0.000

Phase 3.6 Re-assign LUT pins
Phase 3.6 Re-assign LUT pins | Checksum: 2c7d324a4

Time (s): cpu = 00:00:10 ; elapsed = 00:00:16 . Memory (MB): peak = 1786.234 ; gain = 0.000

Phase 3.7 Pipeline Register Optimization
Phase 3.7 Pipeline Register Optimization | Checksum: 2e35e15ae

Time (s): cpu = 00:00:10 ; elapsed = 00:00:16 . Memory (MB): peak = 1786.234 ; gain = 0.000
Phase 3 Detail Placement | Checksum: 2e35e15ae

Time (s): cpu = 00:00:10 ; elapsed = 00:00:16 . Memory (MB): peak = 1786.234 ; gain = 0.000

Phase 4 Post Placement Optimization and Clean-Up

Phase 4.1 Post Commit Optimization
INFO: [Timing 38-35] Done setting XDC timing constraints.

Phase 4.1.1 Post Placement Optimization
Post Placement Optimization Initialization | Checksum: 227cb1847

Phase 4.1.1.1 BUFG Insertion

Starting Physical Synthesis Task

Phase 1 Physical Synthesis Initialization
INFO: [Physopt 32-721] Multithreading enabled for phys_opt_design using a maximum of 2 CPUs
INFO: [Physopt 32-619] Estimated Timing Summary | WNS=14.681 | TNS=0.000 |
Phase 1 Physical Synthesis Initialization | Checksum: f3288afa

Time (s): cpu = 00:00:00 ; elapsed = 00:00:00.363 . Memory (MB): peak = 1834.559 ; gain = 0.000
INFO: [Place 46-33] Processed net frequency_discern_inst/gtz_770/s_prev2_Q3232, BUFG insertion was skipped due to placement/routing conflicts.
INFO: [Place 46-56] BUFG insertion identified 1 candidate nets. Inserted BUFG: 0, Replicated BUFG Driver: 0, Skipped due to Placement/Routing Conflicts: 1, Skipped due to Timing Degradation: 0, Skipped due to netlist editing failed: 0.
Ending Physical Synthesis Task | Checksum: 1dc2ef1b7

Time (s): cpu = 00:00:00 ; elapsed = 00:00:00.556 . Memory (MB): peak = 1834.559 ; gain = 0.000
Phase 4.1.1.1 BUFG Insertion | Checksum: 227cb1847

Time (s): cpu = 00:00:14 ; elapsed = 00:00:21 . Memory (MB): peak = 1834.559 ; gain = 48.324

Phase 4.1.1.2 Post Placement Timing Optimization
INFO: [Place 30-746] Post Placement Timing Summary WNS=14.681. For the most accurate timing information please run report_timing.
Phase 4.1.1.2 Post Placement Timing Optimization | Checksum: 25ebf2622

Time (s): cpu = 00:00:14 ; elapsed = 00:00:22 . Memory (MB): peak = 1834.559 ; gain = 48.324

Time (s): cpu = 00:00:14 ; elapsed = 00:00:22 . Memory (MB): peak = 1834.559 ; gain = 48.324
Phase 4.1 Post Commit Optimization | Checksum: 25ebf2622

Time (s): cpu = 00:00:14 ; elapsed = 00:00:22 . Memory (MB): peak = 1834.559 ; gain = 48.324

Phase 4.2 Post Placement Cleanup
Phase 4.2 Post Placement Cleanup | Checksum: 25ebf2622

Time (s): cpu = 00:00:14 ; elapsed = 00:00:22 . Memory (MB): peak = 1834.559 ; gain = 48.324

Phase 4.3 Placer Reporting

Phase 4.3.1 Print Estimated Congestion
INFO: [Place 30-612] Post-Placement Estimated Congestion 
 ____________________________________________________
|           | Global Congestion | Short Congestion  |
| Direction | Region Size       | Region Size       |
|___________|___________________|___________________|
|      North|                1x1|                2x2|
|___________|___________________|___________________|
|      South|                1x1|                2x2|
|___________|___________________|___________________|
|       East|                1x1|                1x1|
|___________|___________________|___________________|
|       West|                1x1|                1x1|
|___________|___________________|___________________|

Phase 4.3.1 Print Estimated Congestion | Checksum: 25ebf2622

Time (s): cpu = 00:00:14 ; elapsed = 00:00:22 . Memory (MB): peak = 1834.559 ; gain = 48.324
Phase 4.3 Placer Reporting | Checksum: 25ebf2622

Time (s): cpu = 00:00:14 ; elapsed = 00:00:22 . Memory (MB): peak = 1834.559 ; gain = 48.324

Phase 4.4 Final Placement Cleanup
Netlist sorting complete. Time (s): cpu = 00:00:00 ; elapsed = 00:00:00.006 . Memory (MB): peak = 1834.559 ; gain = 0.000

Time (s): cpu = 00:00:14 ; elapsed = 00:00:22 . Memory (MB): peak = 1834.559 ; gain = 48.324
Phase 4 Post Placement Optimization and Clean-Up | Checksum: 25a254708

Time (s): cpu = 00:00:15 ; elapsed = 00:00:22 . Memory (MB): peak = 1834.559 ; gain = 48.324
Ending Placer Task | Checksum: 1b572a7de

Time (s): cpu = 00:00:15 ; elapsed = 00:00:22 . Memory (MB): peak = 1834.559 ; gain = 48.324
71 Infos, 2 Warnings, 0 Critical Warnings and 0 Errors encountered.
place_design completed successfully
place_design: Time (s): cpu = 00:00:17 ; elapsed = 00:00:24 . Memory (MB): peak = 1834.559 ; gain = 48.324
INFO: [Vivado 12-24838] Running report commands "report_control_sets, report_io, report_utilization" in parallel.
Running report generation with 2 threads.
INFO: [Vivado 12-24828] Executing command : report_utilization -file final_project_utilization_placed.rpt -pb final_project_utilization_placed.pb
INFO: [Vivado 12-24828] Executing command : report_io -file final_project_io_placed.rpt
report_io: Time (s): cpu = 00:00:00 ; elapsed = 00:00:00.088 . Memory (MB): peak = 1834.559 ; gain = 0.000
INFO: [Vivado 12-24828] Executing command : report_control_sets -verbose -file final_project_control_sets_placed.rpt
report_control_sets: Time (s): cpu = 00:00:00 ; elapsed = 00:00:00.013 . Memory (MB): peak = 1834.559 ; gain = 0.000
INFO: [Timing 38-480] Writing timing data to binary archive.
Write ShapeDB Complete: Time (s): cpu = 00:00:00 ; elapsed = 00:00:00.035 . Memory (MB): peak = 1834.559 ; gain = 0.000
Wrote PlaceDB: Time (s): cpu = 00:00:01 ; elapsed = 00:00:00.896 . Memory (MB): peak = 1834.559 ; gain = 0.000
Wrote PulsedLatchDB: Time (s): cpu = 00:00:00 ; elapsed = 00:00:00 . Memory (MB): peak = 1834.559 ; gain = 0.000
Writing XDEF routing.
Writing XDEF routing logical nets.
Writing XDEF routing special nets.
Wrote RouteStorage: Time (s): cpu = 00:00:00 ; elapsed = 00:00:00.032 . Memory (MB): peak = 1834.559 ; gain = 0.000
Wrote Netlist Cache: Time (s): cpu = 00:00:00 ; elapsed = 00:00:00.017 . Memory (MB): peak = 1834.559 ; gain = 0.000
Wrote Device Cache: Time (s): cpu = 00:00:00 ; elapsed = 00:00:00.009 . Memory (MB): peak = 1834.559 ; gain = 0.000
Write Physdb Complete: Time (s): cpu = 00:00:01 ; elapsed = 00:00:00.973 . Memory (MB): peak = 1834.559 ; gain = 0.000
INFO: [Common 17-1381] The checkpoint 'C:/Users/C27Bruno.Graziano/ece383_wksp/bg_Final_Project_383/bg_Final_Project_383.runs/impl_1/final_project_placed.dcp' has been generated.
Command: phys_opt_design
Attempting to get a license for feature 'Implementation' and/or device 'xc7a200t'
INFO: [Common 17-349] Got license for feature 'Implementation' and/or device 'xc7a200t'

Starting Initial Update Timing Task

Time (s): cpu = 00:00:02 ; elapsed = 00:00:02 . Memory (MB): peak = 1841.648 ; gain = 7.090
INFO: [Vivado_Tcl 4-2279] Estimated Timing Summary | WNS= 14.681 | TNS= 0.000 | 
INFO: [Vivado_Tcl 4-383] Design worst setup slack (WNS) is greater than or equal to 0.000 ns. All physical synthesis setup optimizations will be skipped.
INFO: [Vivado_Tcl 4-232] No setup violation found. The netlist was not modified.
INFO: [Common 17-83] Releasing license: Implementation
82 Infos, 2 Warnings, 0 Critical Warnings and 0 Errors encountered.
phys_opt_design completed successfully
INFO: [Timing 38-480] Writing timing data to binary archive.
Write ShapeDB Complete: Time (s): cpu = 00:00:00 ; elapsed = 00:00:00.046 . Memory (MB): peak = 1859.516 ; gain = 0.000
Wrote PlaceDB: Time (s): cpu = 00:00:01 ; elapsed = 00:00:00.825 . Memory (MB): peak = 1861.422 ; gain = 1.906
Wrote PulsedLatchDB: Time (s): cpu = 00:00:00 ; elapsed = 00:00:00 . Memory (MB): peak = 1861.422 ; gain = 0.000
Writing XDEF routing.
Writing XDEF routing logical nets.
Writing XDEF routing special nets.
Wrote RouteStorage: Time (s): cpu = 00:00:00 ; elapsed = 00:00:00.028 . Memory (MB): peak = 1861.422 ; gain = 0.000
Wrote Netlist Cache: Time (s): cpu = 00:00:00 ; elapsed = 00:00:00.020 . Memory (MB): peak = 1861.422 ; gain = 0.000
Wrote Device Cache: Time (s): cpu = 00:00:00 ; elapsed = 00:00:00.007 . Memory (MB): peak = 1861.422 ; gain = 0.000
Write Physdb Complete: Time (s): cpu = 00:00:01 ; elapsed = 00:00:00.907 . Memory (MB): peak = 1861.422 ; gain = 1.906
INFO: [Common 17-1381] The checkpoint 'C:/Users/C27Bruno.Graziano/ece383_wksp/bg_Final_Project_383/bg_Final_Project_383.runs/impl_1/final_project_physopt.dcp' has been generated.
Command: route_design
Attempting to get a license for feature 'Implementation' and/or device 'xc7a200t'
INFO: [Common 17-349] Got license for feature 'Implementation' and/or device 'xc7a200t'


Starting Routing Task
INFO: [Route 35-254] Multithreading enabled for route_design using a maximum of 2 CPUs

Phase 1 Build RT Design
Checksum: PlaceDB: beaa0ca8 ConstDB: 0 ShapeSum: 5eadafd2 RouteDB: 981aeb64
Post Restoration Checksum: NetGraph: e5b27f19 | NumContArr: 56368a67 | Constraints: c2a8fa9d | Timing: c2a8fa9d
Phase 1 Build RT Design | Checksum: 2c13afeba

Time (s): cpu = 00:00:50 ; elapsed = 00:01:02 . Memory (MB): peak = 2071.434 ; gain = 210.012

Phase 2 Router Initialization

Phase 2.1 Fix Topology Constraints
Phase 2.1 Fix Topology Constraints | Checksum: 2c13afeba

Time (s): cpu = 00:00:50 ; elapsed = 00:01:02 . Memory (MB): peak = 2071.434 ; gain = 210.012

Phase 2.2 Pre Route Cleanup
Phase 2.2 Pre Route Cleanup | Checksum: 2c13afeba

Time (s): cpu = 00:00:50 ; elapsed = 00:01:02 . Memory (MB): peak = 2071.434 ; gain = 210.012
 Number of Nodes with overlaps = 0

Phase 2.3 Update Timing
Phase 2.3 Update Timing | Checksum: 1dc68b9f6

Time (s): cpu = 00:00:55 ; elapsed = 00:01:07 . Memory (MB): peak = 2155.480 ; gain = 294.059
INFO: [Route 35-416] Intermediate Timing Summary | WNS=14.723 | TNS=0.000  | WHS=-0.096 | THS=-3.639 |


Router Utilization Summary
  Global Vertical Routing Utilization    = 0 %
  Global Horizontal Routing Utilization  = 0 %
  Routable Net Status*
  *Does not include unroutable nets such as driverless and loadless.
  Run report_route_status for detailed report.
  Number of Failed Nets               = 19625
    (Failed Nets is the sum of unrouted and partially routed nets)
  Number of Unrouted Nets             = 19622
  Number of Partially Routed Nets     = 3
  Number of Node Overlaps             = 1

Phase 2 Router Initialization | Checksum: 215962294

Time (s): cpu = 00:00:57 ; elapsed = 00:01:10 . Memory (MB): peak = 2171.523 ; gain = 310.102

Phase 3 Global Routing
Phase 3 Global Routing | Checksum: 215962294

Time (s): cpu = 00:00:57 ; elapsed = 00:01:10 . Memory (MB): peak = 2171.523 ; gain = 310.102

Phase 4 Initial Routing

Phase 4.1 Initial Net Routing Pass
Phase 4.1 Initial Net Routing Pass | Checksum: 1ffac5f14

Time (s): cpu = 00:01:05 ; elapsed = 00:01:17 . Memory (MB): peak = 2171.523 ; gain = 310.102
Phase 4 Initial Routing | Checksum: 1ffac5f14

Time (s): cpu = 00:01:05 ; elapsed = 00:01:17 . Memory (MB): peak = 2171.523 ; gain = 310.102

Phase 5 Rip-up And Reroute

Phase 5.1 Global Iteration 0
 Number of Nodes with overlaps = 381
 Number of Nodes with overlaps = 1
 Number of Nodes with overlaps = 0
INFO: [Route 35-416] Intermediate Timing Summary | WNS=14.785 | TNS=0.000  | WHS=N/A    | THS=N/A    |

Phase 5.1 Global Iteration 0 | Checksum: 2047c9a56

Time (s): cpu = 00:01:09 ; elapsed = 00:01:21 . Memory (MB): peak = 2171.523 ; gain = 310.102

Phase 5.2 Global Iteration 1
 Number of Nodes with overlaps = 0
INFO: [Route 35-416] Intermediate Timing Summary | WNS=14.785 | TNS=0.000  | WHS=N/A    | THS=N/A    |

Phase 5.2 Global Iteration 1 | Checksum: 2214382f6

Time (s): cpu = 00:01:09 ; elapsed = 00:01:21 . Memory (MB): peak = 2171.523 ; gain = 310.102
Phase 5 Rip-up And Reroute | Checksum: 2214382f6

Time (s): cpu = 00:01:09 ; elapsed = 00:01:21 . Memory (MB): peak = 2171.523 ; gain = 310.102

Phase 6 Delay and Skew Optimization

Phase 6.1 Delay CleanUp
Phase 6.1 Delay CleanUp | Checksum: 2214382f6

Time (s): cpu = 00:01:09 ; elapsed = 00:01:21 . Memory (MB): peak = 2171.523 ; gain = 310.102

Phase 6.2 Clock Skew Optimization
Phase 6.2 Clock Skew Optimization | Checksum: 2214382f6

Time (s): cpu = 00:01:09 ; elapsed = 00:01:21 . Memory (MB): peak = 2171.523 ; gain = 310.102
Phase 6 Delay and Skew Optimization | Checksum: 2214382f6

Time (s): cpu = 00:01:09 ; elapsed = 00:01:21 . Memory (MB): peak = 2171.523 ; gain = 310.102

Phase 7 Post Hold Fix

Phase 7.1 Hold Fix Iter
INFO: [Route 35-416] Intermediate Timing Summary | WNS=14.878 | TNS=0.000  | WHS=0.177  | THS=0.000  |

Phase 7.1 Hold Fix Iter | Checksum: 138bff71c

Time (s): cpu = 00:01:10 ; elapsed = 00:01:21 . Memory (MB): peak = 2171.523 ; gain = 310.102
Phase 7 Post Hold Fix | Checksum: 138bff71c

Time (s): cpu = 00:01:10 ; elapsed = 00:01:21 . Memory (MB): peak = 2171.523 ; gain = 310.102

Phase 8 Route finalize

Router Utilization Summary
  Global Vertical Routing Utilization    = 1.32833 %
  Global Horizontal Routing Utilization  = 1.74993 %
  Routable Net Status*
  *Does not include unroutable nets such as driverless and loadless.
  Run report_route_status for detailed report.
  Number of Failed Nets               = 0
    (Failed Nets is the sum of unrouted and partially routed nets)
  Number of Unrouted Nets             = 0
  Number of Partially Routed Nets     = 0
  Number of Node Overlaps             = 0

Phase 8 Route finalize | Checksum: 138bff71c

Time (s): cpu = 00:01:10 ; elapsed = 00:01:21 . Memory (MB): peak = 2171.523 ; gain = 310.102

Phase 9 Verifying routed nets

 Verification completed successfully
Phase 9 Verifying routed nets | Checksum: 138bff71c

Time (s): cpu = 00:01:10 ; elapsed = 00:01:22 . Memory (MB): peak = 2171.523 ; gain = 310.102

Phase 10 Depositing Routes
Phase 10 Depositing Routes | Checksum: 181ac8b5c

Time (s): cpu = 00:01:10 ; elapsed = 00:01:22 . Memory (MB): peak = 2171.523 ; gain = 310.102

Phase 11 Post Process Routing
Phase 11 Post Process Routing | Checksum: 181ac8b5c

Time (s): cpu = 00:01:10 ; elapsed = 00:01:22 . Memory (MB): peak = 2171.523 ; gain = 310.102

Phase 12 Post Router Timing
INFO: [Route 35-57] Estimated Timing Summary | WNS=14.878 | TNS=0.000  | WHS=0.177  | THS=0.000  |

INFO: [Route 35-327] The final timing numbers are based on the router estimated timing analysis. For a complete and accurate timing signoff, please run report_timing_summary.
Phase 12 Post Router Timing | Checksum: 181ac8b5c

Time (s): cpu = 00:01:11 ; elapsed = 00:01:22 . Memory (MB): peak = 2171.523 ; gain = 310.102
Total Elapsed time in route_design: 82.348 secs

Phase 13 Post-Route Event Processing
Phase 13 Post-Route Event Processing | Checksum: 6b8fc80d

Time (s): cpu = 00:01:11 ; elapsed = 00:01:22 . Memory (MB): peak = 2171.523 ; gain = 310.102
INFO: [Route 35-16] Router Completed Successfully
Ending Routing Task | Checksum: 6b8fc80d

Time (s): cpu = 00:01:11 ; elapsed = 00:01:23 . Memory (MB): peak = 2171.523 ; gain = 310.102

Routing Is Done.
INFO: [Common 17-83] Releasing license: Implementation
94 Infos, 2 Warnings, 0 Critical Warnings and 0 Errors encountered.
route_design completed successfully
route_design: Time (s): cpu = 00:01:11 ; elapsed = 00:01:23 . Memory (MB): peak = 2171.523 ; gain = 310.102
INFO: [Vivado 12-24828] Executing command : report_drc -file final_project_drc_routed.rpt -pb final_project_drc_routed.pb -rpx final_project_drc_routed.rpx
Command: report_drc -file final_project_drc_routed.rpt -pb final_project_drc_routed.pb -rpx final_project_drc_routed.rpx
INFO: [IP_Flow 19-1839] IP Catalog is up to date.
INFO: [DRC 23-27] Running DRC with 2 threads
INFO: [Vivado_Tcl 2-168] The results of DRC are in file C:/Users/C27Bruno.Graziano/ece383_wksp/bg_Final_Project_383/bg_Final_Project_383.runs/impl_1/final_project_drc_routed.rpt.
report_drc completed successfully
INFO: [Vivado 12-24828] Executing command : report_methodology -file final_project_methodology_drc_routed.rpt -pb final_project_methodology_drc_routed.pb -rpx final_project_methodology_drc_routed.rpx
Command: report_methodology -file final_project_methodology_drc_routed.rpt -pb final_project_methodology_drc_routed.pb -rpx final_project_methodology_drc_routed.rpx
INFO: [Timing 38-35] Done setting XDC timing constraints.
INFO: [DRC 23-133] Running Methodology with 2 threads
INFO: [Vivado_Tcl 2-1520] The results of Report Methodology are in file C:/Users/C27Bruno.Graziano/ece383_wksp/bg_Final_Project_383/bg_Final_Project_383.runs/impl_1/final_project_methodology_drc_routed.rpt.
report_methodology completed successfully
report_drc: Time (s): cpu = 00:00:08 ; elapsed = 00:00:07 . Memory (MB): peak = 2178.176 ; gain = 6.652
INFO: [Vivado 12-24828] Executing command : report_timing_summary -max_paths 10 -report_unconstrained -file final_project_timing_summary_routed.rpt -pb final_project_timing_summary_routed.pb -rpx final_project_timing_summary_routed.rpx -warn_on_violation 
INFO: [Timing 38-35] Done setting XDC timing constraints.
INFO: [Timing 38-91] UpdateTimingParams: Speed grade: -1, Delay Type: min_max.
INFO: [Timing 38-191] Multithreading enabled for timing update using a maximum of 2 CPUs
INFO: [Vivado 12-24838] Running report commands "report_incremental_reuse, report_route_status" in parallel.
Running report generation with 2 threads.
INFO: [Vivado 12-24828] Executing command : report_incremental_reuse -file final_project_incremental_reuse_routed.rpt
INFO: [Vivado_Tcl 4-1062] Incremental flow is disabled. No incremental reuse Info to report.
INFO: [Vivado 12-24828] Executing command : report_route_status -file final_project_route_status.rpt -pb final_project_route_status.pb
INFO: [Vivado 12-24828] Executing command : report_power -file final_project_power_routed.rpt -pb final_project_power_summary_routed.pb -rpx final_project_power_routed.rpx
Command: report_power -file final_project_power_routed.rpt -pb final_project_power_summary_routed.pb -rpx final_project_power_routed.rpx
Running Vector-less Activity Propagation...

Finished Running Vector-less Activity Propagation
111 Infos, 2 Warnings, 0 Critical Warnings and 0 Errors encountered.
report_power completed successfully
INFO: [Vivado 12-24828] Executing command : report_clock_utilization -file final_project_clock_utilization_routed.rpt
INFO: [Vivado 12-24828] Executing command : report_bus_skew -warn_on_violation -file final_project_bus_skew_routed.rpt -pb final_project_bus_skew_routed.pb -rpx final_project_bus_skew_routed.rpx
INFO: [Timing 38-91] UpdateTimingParams: Speed grade: -1, Delay Type: min_max.
INFO: [Timing 38-191] Multithreading enabled for timing update using a maximum of 2 CPUs
generate_parallel_reports: Time (s): cpu = 00:00:18 ; elapsed = 00:00:18 . Memory (MB): peak = 2202.973 ; gain = 31.449
INFO: [Timing 38-480] Writing timing data to binary archive.
Write ShapeDB Complete: Time (s): cpu = 00:00:00 ; elapsed = 00:00:00.040 . Memory (MB): peak = 2215.035 ; gain = 0.348
Wrote PlaceDB: Time (s): cpu = 00:00:01 ; elapsed = 00:00:00.876 . Memory (MB): peak = 2218.059 ; gain = 3.340
Wrote PulsedLatchDB: Time (s): cpu = 00:00:00 ; elapsed = 00:00:00 . Memory (MB): peak = 2218.059 ; gain = 0.000
Writing XDEF routing.
Writing XDEF routing logical nets.
Writing XDEF routing special nets.
Wrote RouteStorage: Time (s): cpu = 00:00:00 ; elapsed = 00:00:00.161 . Memory (MB): peak = 2218.059 ; gain = 0.000
Wrote Netlist Cache: Time (s): cpu = 00:00:00 ; elapsed = 00:00:00.019 . Memory (MB): peak = 2218.059 ; gain = 0.000
Wrote Device Cache: Time (s): cpu = 00:00:00 ; elapsed = 00:00:00.006 . Memory (MB): peak = 2218.059 ; gain = 0.000
Write Physdb Complete: Time (s): cpu = 00:00:01 ; elapsed = 00:00:01 . Memory (MB): peak = 2218.059 ; gain = 3.340
INFO: [Common 17-1381] The checkpoint 'C:/Users/C27Bruno.Graziano/ece383_wksp/bg_Final_Project_383/bg_Final_Project_383.runs/impl_1/final_project_routed.dcp' has been generated.
Command: write_bitstream -force final_project.bit
Attempting to get a license for feature 'Implementation' and/or device 'xc7a200t'
INFO: [Common 17-349] Got license for feature 'Implementation' and/or device 'xc7a200t'
Running DRC as a precondition to command write_bitstream
INFO: [IP_Flow 19-1839] IP Catalog is up to date.
INFO: [DRC 23-27] Running DRC with 2 threads
INFO: [Vivado 12-3199] DRC finished with 0 Errors
INFO: [Vivado 12-3200] Please refer to the DRC report (report_drc) for more information.
INFO: [Designutils 20-2272] Running write_bitstream with 2 threads.
Loading data files...
Loading site data...
Loading route data...
Processing options...
Creating bitmap...
Creating bitstream...
Writing bitstream ./final_project.bit...
INFO: [Vivado 12-1842] Bitgen Completed Successfully.
INFO: [Project 1-1876] WebTalk data collection is mandatory when using a ULT device. To see the specific WebTalk data collected for your design, open the usage_statistics_webtalk.html or usage_statistics_webtalk.xml file in the implementation directory.
INFO: [Common 17-83] Releasing license: Implementation
126 Infos, 2 Warnings, 0 Critical Warnings and 0 Errors encountered.
write_bitstream completed successfully
write_bitstream: Time (s): cpu = 00:00:22 ; elapsed = 00:00:22 . Memory (MB): peak = 2783.297 ; gain = 565.238
INFO: [Common 17-206] Exiting Vivado at Sat May  9 20:12:06 2026...

*** Running vivado
    with args -log final_project.vdi -applog -m64 -product Vivado -messageDb vivado.pb -mode batch -source final_project.tcl -notrace



****** Vivado v2024.2 (64-bit)
  **** SW Build 5239630 on Fri Nov 08 22:35:27 MST 2024
  **** IP Build 5239520 on Sun Nov 10 16:12:51 MST 2024
  **** SharedData Build 5239561 on Fri Nov 08 14:39:27 MST 2024
  **** Start of session at: Sat May  9 20:14:44 2026
    ** Copyright 1986-2022 Xilinx, Inc. All Rights Reserved.
    ** Copyright 2022-2024 Advanced Micro Devices, Inc. All Rights Reserved.

source final_project.tcl -notrace
Command: open_checkpoint final_project_routed.dcp
INFO: [Device 21-403] Loading part xc7a200tsbg484-1
Netlist sorting complete. Time (s): cpu = 00:00:00 ; elapsed = 00:00:00.090 . Memory (MB): peak = 546.156 ; gain = 0.000
INFO: [Netlist 29-17] Analyzing 1243 Unisim elements for replacement
INFO: [Netlist 29-28] Unisim Transformation completed in 0 CPU seconds
INFO: [Project 1-479] Netlist was created with Vivado 2024.2
INFO: [Project 1-570] Preparing netlist for logic optimization
WARNING: [Constraints 18-550] Could not create 'IBUF_LOW_PWR' constraint because net 'Audio_Codec/audiocodec_master_clock/clk_in1' is not directly connected to top level port. 'IBUF_LOW_PWR' is ignored for synthesis but preserved for implementation.
Read ShapeDB Complete: Time (s): cpu = 00:00:00 ; elapsed = 00:00:00.035 . Memory (MB): peak = 660.008 ; gain = 2.727
INFO: [Timing 38-478] Restoring timing data from binary archive.
INFO: [Timing 38-479] Binary timing data restore complete.
INFO: [Project 1-856] Restoring constraints from binary archive.
INFO: [Project 1-853] Binary constraint restore complete.
INFO: [Designutils 20-5722] Start Reading Physical Databases.
Reading placement.
Read Netlist Cache: Time (s): cpu = 00:00:00 ; elapsed = 00:00:00.011 . Memory (MB): peak = 1340.789 ; gain = 0.000
Reading placer database...
Read Device Cache: Time (s): cpu = 00:00:00 ; elapsed = 00:00:00.007 . Memory (MB): peak = 1340.789 ; gain = 0.000
Read PlaceDB: Time (s): cpu = 00:00:00 ; elapsed = 00:00:00.485 . Memory (MB): peak = 1341.609 ; gain = 0.820
Read PulsedLatchDB: Time (s): cpu = 00:00:00 ; elapsed = 00:00:00.001 . Memory (MB): peak = 1341.609 ; gain = 0.000
Reading routing.
Read RouteStorage: Time (s): cpu = 00:00:00 ; elapsed = 00:00:00.191 . Memory (MB): peak = 1353.160 ; gain = 11.551
Read Physdb Files: Time (s): cpu = 00:00:00 ; elapsed = 00:00:00.725 . Memory (MB): peak = 1353.160 ; gain = 12.371
Restored from archive | CPU: 0.000000 secs | Memory: 0.000000 MB |
Finished XDEF File Restore: Time (s): cpu = 00:00:00 ; elapsed = 00:00:00.781 . Memory (MB): peak = 1353.160 ; gain = 13.438
Netlist sorting complete. Time (s): cpu = 00:00:00 ; elapsed = 00:00:00.002 . Memory (MB): peak = 1353.160 ; gain = 0.000
INFO: [Project 1-111] Unisim Transformation Summary:
  A total of 2 instances were transformed.
  IOBUF => IOBUF (IBUF, OBUFT): 2 instances

INFO: [Project 1-604] Checkpoint was created with Vivado v2024.2 (64-bit) build 5239630
WARNING: [Vivado 12-23575] Critical violations of the methodology design rules detected. Critical violations may contribute to timing failures or cause functional issues in hardware. Run report_methodology for more information.
open_checkpoint: Time (s): cpu = 00:00:08 ; elapsed = 00:00:16 . Memory (MB): peak = 1357.305 ; gain = 1084.211
Command: write_bitstream -force final_project.bit
Attempting to get a license for feature 'Implementation' and/or device 'xc7a200t'
INFO: [Common 17-349] Got license for feature 'Implementation' and/or device 'xc7a200t'
Running DRC as a precondition to command write_bitstream
INFO: [IP_Flow 19-234] Refreshing IP repositories
INFO: [IP_Flow 19-1704] No user IP repositories specified
INFO: [IP_Flow 19-2313] Loaded Vivado IP repository 'C:/Xilinx/Vivado/2024.2/data/ip'.
INFO: [DRC 23-27] Running DRC with 2 threads
INFO: [Vivado 12-3199] DRC finished with 0 Errors
INFO: [Vivado 12-3200] Please refer to the DRC report (report_drc) for more information.
INFO: [Designutils 20-2272] Running write_bitstream with 2 threads.
Loading data files...
Loading site data...
Loading route data...
Processing options...
Creating bitmap...
Creating bitstream...
Writing bitstream ./final_project.bit...
INFO: [Vivado 12-1842] Bitgen Completed Successfully.
INFO: [Project 1-1876] WebTalk data collection is mandatory when using a ULT device. To see the specific WebTalk data collected for your design, open the usage_statistics_webtalk.html or usage_statistics_webtalk.xml file in the implementation directory.
INFO: [Common 17-83] Releasing license: Implementation
23 Infos, 2 Warnings, 0 Critical Warnings and 0 Errors encountered.
write_bitstream completed successfully
write_bitstream: Time (s): cpu = 00:00:24 ; elapsed = 00:00:23 . Memory (MB): peak = 2043.113 ; gain = 685.809
INFO: [Common 17-206] Exiting Vivado at Sat May  9 20:15:28 2026...
