13:46:31 DEBUG : Logs will be stored at 'C:/Users/C27Bruno.Graziano/ece383_wksp/IDE.log'.
13:46:50 INFO  : Launching XSCT server: xsct.bat -n  -interactive C:\Users\C27Bruno.Graziano\ece383_wksp\temp_xsdb_launch_script.tcl
13:46:50 INFO  : Platform repository initialization has completed.
13:46:50 INFO  : Registering command handlers for Vitis TCF services
13:46:59 INFO  : XSCT server has started successfully.
13:46:59 INFO  : plnx-install-location is set to ''
13:47:07 INFO  : Successfully done setting XSCT server connection channel  
13:47:07 INFO  : Successfully done query RDI_DATADIR 
13:47:07 INFO  : Successfully done setting workspace for the tool. 
13:51:11 INFO  : Result from executing command 'getProjects': design_1_wrapper
13:51:11 INFO  : Result from executing command 'getPlatforms': 
13:51:11 WARN  : An unexpected exception occurred in the module 'platform project logging'
13:51:11 INFO  : Platform 'design_1_wrapper' is added to custom repositories.
13:51:15 INFO  : Platform 'design_1_wrapper' is added to custom repositories.
14:05:58 INFO  : Result from executing command 'getProjects': design_1_wrapper
14:05:58 INFO  : Result from executing command 'getPlatforms': design_1_wrapper|C:/Users/C27Bruno.Graziano/ece383_wksp/design_1_wrapper/export/design_1_wrapper/design_1_wrapper.xpfm
14:05:59 INFO  : Checking for BSP changes to sync application flags for project 'ublaze1_vitis'...
14:08:58 INFO  : Connected to target on host '127.0.0.1' and port '3121'.
14:09:16 INFO  : ----------------XSDB Script----------------
connect -url tcp:127.0.0.1:3121
----------------End of Script----------------

14:09:16 ERROR : Could not find FPGA device on the board for connection 'Local'.


Troubleshooting hints:
1. Check whether board is connected to system properly.
2. In case of zynq board, check whether Digilent/Xilinx cable switch settings are correct.
3. If you are using Xilinx Platform Cable USB, ensure that status LED is green.
14:10:51 INFO  : Connected to target on host '127.0.0.1' and port '3121'.
14:10:51 INFO  : Jtag cable 'Digilent Nexys Video 210276723478B' is selected.
14:10:51 INFO  : 'jtag frequency' command is executed.
14:10:51 INFO  : 'targets -set -filter {jtag_cable_name =~ "Digilent Nexys Video 210276723478B" && level==0 && jtag_device_ctx=="jsn-Nexys Video-210276723478B-13636093-0"}' command is executed.
14:10:57 INFO  : Device configured successfully with "C:/Users/C27Bruno.Graziano/ece383_wksp/ublaze1_vitis/_ide/bitstream/design_1_wrapper.bit"
14:10:57 INFO  : Context for processor 'microblaze_0' is selected.
14:10:57 INFO  : Hardware design and registers information is loaded from 'C:/Users/C27Bruno.Graziano/ece383_wksp/design_1_wrapper/export/design_1_wrapper/hw/design_1_wrapper.xsa'.
14:10:57 INFO  : 'configparams mdm-detect-bscan-mask 2' command is executed.
14:10:57 INFO  : Context for processor 'microblaze_0' is selected.
14:10:57 INFO  : System reset is completed.
14:11:00 INFO  : 'after 3000' command is executed.
14:11:00 INFO  : Context for processor 'microblaze_0' is selected.
14:11:00 INFO  : The application 'C:/Users/C27Bruno.Graziano/ece383_wksp/ublaze1_vitis/Debug/ublaze1_vitis.elf' is downloaded to processor 'microblaze_0'.
14:11:00 INFO  : ----------------XSDB Script----------------
connect -url tcp:127.0.0.1:3121
targets -set -filter {jtag_cable_name =~ "Digilent Nexys Video 210276723478B" && level==0 && jtag_device_ctx=="jsn-Nexys Video-210276723478B-13636093-0"}
fpga -file C:/Users/C27Bruno.Graziano/ece383_wksp/ublaze1_vitis/_ide/bitstream/design_1_wrapper.bit
targets -set -nocase -filter {name =~ "*microblaze*#0" && bscan=="USER2" }
loadhw -hw C:/Users/C27Bruno.Graziano/ece383_wksp/design_1_wrapper/export/design_1_wrapper/hw/design_1_wrapper.xsa -regs
configparams mdm-detect-bscan-mask 2
targets -set -nocase -filter {name =~ "*microblaze*#0" && bscan=="USER2" }
rst -system
after 3000
targets -set -nocase -filter {name =~ "*microblaze*#0" && bscan=="USER2" }
dow C:/Users/C27Bruno.Graziano/ece383_wksp/ublaze1_vitis/Debug/ublaze1_vitis.elf
----------------End of Script----------------

14:11:00 INFO  : Context for processor 'microblaze_0' is selected.
14:11:00 INFO  : 'con' command is executed.
14:11:00 INFO  : ----------------XSDB Script (After Launch)----------------
targets -set -nocase -filter {name =~ "*microblaze*#0" && bscan=="USER2" }
con
----------------End of Script----------------

14:11:00 INFO  : Launch script is exported to file 'C:\Users\C27Bruno.Graziano\ece383_wksp\ublaze1_vitis_system\_ide\scripts\debugger_ublaze1_vitis-default.tcl'
14:13:17 INFO  : Checking for BSP changes to sync application flags for project 'ublaze1_vitis'...
14:13:28 INFO  : Disconnected from the channel tcfchan#2.
14:13:29 INFO  : Connected to target on host '127.0.0.1' and port '3121'.
14:13:38 INFO  : ----------------XSDB Script----------------
connect -url tcp:127.0.0.1:3121
----------------End of Script----------------

14:13:38 ERROR : Could not find FPGA device on the board for connection 'Local'.


Troubleshooting hints:
1. Check whether board is connected to system properly.
2. In case of zynq board, check whether Digilent/Xilinx cable switch settings are correct.
3. If you are using Xilinx Platform Cable USB, ensure that status LED is green.
14:13:52 INFO  : Checking for BSP changes to sync application flags for project 'ublaze1_vitis'...
14:13:55 INFO  : Connected to target on host '127.0.0.1' and port '3121'.
14:13:55 INFO  : Jtag cable 'Digilent Nexys Video 210276723478B' is selected.
14:13:55 INFO  : 'jtag frequency' command is executed.
14:13:55 INFO  : 'targets -set -filter {jtag_cable_name =~ "Digilent Nexys Video 210276723478B" && level==0 && jtag_device_ctx=="jsn-Nexys Video-210276723478B-13636093-0"}' command is executed.
14:14:01 INFO  : Device configured successfully with "C:/Users/C27Bruno.Graziano/ece383_wksp/ublaze1_vitis/_ide/bitstream/design_1_wrapper.bit"
14:14:02 INFO  : Context for processor 'microblaze_0' is selected.
14:14:02 INFO  : Hardware design and registers information is loaded from 'C:/Users/C27Bruno.Graziano/ece383_wksp/design_1_wrapper/export/design_1_wrapper/hw/design_1_wrapper.xsa'.
14:14:02 INFO  : 'configparams mdm-detect-bscan-mask 2' command is executed.
14:14:02 INFO  : Context for processor 'microblaze_0' is selected.
14:14:02 INFO  : System reset is completed.
14:14:05 INFO  : 'after 3000' command is executed.
14:14:05 INFO  : Context for processor 'microblaze_0' is selected.
14:14:05 INFO  : The application 'C:/Users/C27Bruno.Graziano/ece383_wksp/ublaze1_vitis/Debug/ublaze1_vitis.elf' is downloaded to processor 'microblaze_0'.
14:14:05 INFO  : ----------------XSDB Script----------------
connect -url tcp:127.0.0.1:3121
targets -set -filter {jtag_cable_name =~ "Digilent Nexys Video 210276723478B" && level==0 && jtag_device_ctx=="jsn-Nexys Video-210276723478B-13636093-0"}
fpga -file C:/Users/C27Bruno.Graziano/ece383_wksp/ublaze1_vitis/_ide/bitstream/design_1_wrapper.bit
targets -set -nocase -filter {name =~ "*microblaze*#0" && bscan=="USER2" }
loadhw -hw C:/Users/C27Bruno.Graziano/ece383_wksp/design_1_wrapper/export/design_1_wrapper/hw/design_1_wrapper.xsa -regs
configparams mdm-detect-bscan-mask 2
targets -set -nocase -filter {name =~ "*microblaze*#0" && bscan=="USER2" }
rst -system
after 3000
targets -set -nocase -filter {name =~ "*microblaze*#0" && bscan=="USER2" }
dow C:/Users/C27Bruno.Graziano/ece383_wksp/ublaze1_vitis/Debug/ublaze1_vitis.elf
----------------End of Script----------------

14:14:05 INFO  : Context for processor 'microblaze_0' is selected.
14:14:05 INFO  : 'con' command is executed.
14:14:05 INFO  : ----------------XSDB Script (After Launch)----------------
targets -set -nocase -filter {name =~ "*microblaze*#0" && bscan=="USER2" }
con
----------------End of Script----------------

14:14:05 INFO  : Launch script is exported to file 'C:\Users\C27Bruno.Graziano\ece383_wksp\ublaze1_vitis_system\_ide\scripts\systemdebugger_ublaze1_vitis_system_standalone.tcl'
14:14:36 INFO  : Disconnected from the channel tcfchan#3.
14:14:36 INFO  : Connected to target on host '127.0.0.1' and port '3121'.
14:14:36 INFO  : Jtag cable 'Digilent Nexys Video 210276723478B' is selected.
14:14:36 INFO  : 'jtag frequency' command is executed.
14:14:36 INFO  : 'targets -set -filter {jtag_cable_name =~ "Digilent Nexys Video 210276723478B" && level==0 && jtag_device_ctx=="jsn-Nexys Video-210276723478B-13636093-0"}' command is executed.
14:14:42 INFO  : Device configured successfully with "C:/Users/C27Bruno.Graziano/ece383_wksp/ublaze1_vitis/_ide/bitstream/design_1_wrapper.bit"
14:14:42 INFO  : Context for processor 'microblaze_0' is selected.
14:14:42 INFO  : Hardware design and registers information is loaded from 'C:/Users/C27Bruno.Graziano/ece383_wksp/design_1_wrapper/export/design_1_wrapper/hw/design_1_wrapper.xsa'.
14:14:42 INFO  : 'configparams mdm-detect-bscan-mask 2' command is executed.
14:14:42 INFO  : Context for processor 'microblaze_0' is selected.
14:14:42 INFO  : System reset is completed.
14:14:45 INFO  : 'after 3000' command is executed.
14:14:45 INFO  : Context for processor 'microblaze_0' is selected.
14:14:45 INFO  : The application 'C:/Users/C27Bruno.Graziano/ece383_wksp/ublaze1_vitis/Debug/ublaze1_vitis.elf' is downloaded to processor 'microblaze_0'.
14:14:45 INFO  : ----------------XSDB Script----------------
connect -url tcp:127.0.0.1:3121
targets -set -filter {jtag_cable_name =~ "Digilent Nexys Video 210276723478B" && level==0 && jtag_device_ctx=="jsn-Nexys Video-210276723478B-13636093-0"}
fpga -file C:/Users/C27Bruno.Graziano/ece383_wksp/ublaze1_vitis/_ide/bitstream/design_1_wrapper.bit
targets -set -nocase -filter {name =~ "*microblaze*#0" && bscan=="USER2" }
loadhw -hw C:/Users/C27Bruno.Graziano/ece383_wksp/design_1_wrapper/export/design_1_wrapper/hw/design_1_wrapper.xsa -regs
configparams mdm-detect-bscan-mask 2
targets -set -nocase -filter {name =~ "*microblaze*#0" && bscan=="USER2" }
rst -system
after 3000
targets -set -nocase -filter {name =~ "*microblaze*#0" && bscan=="USER2" }
dow C:/Users/C27Bruno.Graziano/ece383_wksp/ublaze1_vitis/Debug/ublaze1_vitis.elf
----------------End of Script----------------

14:14:45 INFO  : Context for processor 'microblaze_0' is selected.
14:14:45 INFO  : 'con' command is executed.
14:14:45 INFO  : ----------------XSDB Script (After Launch)----------------
targets -set -nocase -filter {name =~ "*microblaze*#0" && bscan=="USER2" }
con
----------------End of Script----------------

14:14:45 INFO  : Launch script is exported to file 'C:\Users\C27Bruno.Graziano\ece383_wksp\ublaze1_vitis_system\_ide\scripts\systemdebugger_ublaze1_vitis_system_standalone.tcl'
14:16:21 INFO  : Disconnected from the channel tcfchan#4.
