Copyright 1986-2022 Xilinx, Inc. All Rights Reserved. Copyright 2022-2024 Advanced Micro Devices, Inc. All Rights Reserved.
---------------------------------------------------------------------------------------------------------------------------------------------
| Tool Version : Vivado v.2024.2 (win64) Build 5239630 Fri Nov 08 22:35:27 MST 2024
| Date         : Mon Mar  9 16:05:39 2026
| Host         : C27-5CG31326ZG running 64-bit major release  (build 9200)
| Command      : report_drc -file lab2_drc_routed.rpt -pb lab2_drc_routed.pb -rpx lab2_drc_routed.rpx
| Design       : lab2
| Device       : xc7a200tsbg484-1
| Speed File   : -1
| Design State : Fully Routed
---------------------------------------------------------------------------------------------------------------------------------------------

Report DRC

Table of Contents
-----------------
1. REPORT SUMMARY
2. REPORT DETAILS

1. REPORT SUMMARY
-----------------
            Netlist: netlist
          Floorplan: design_1
      Design limits: <entire design considered>
           Ruledeck: default
             Max checks: <unlimited>
             Checks found: 12
+-----------+----------+-----------------------------------------------------+--------+
| Rule      | Severity | Description                                         | Checks |
+-----------+----------+-----------------------------------------------------+--------+
| CFGBVS-1  | Warning  | Missing CFGBVS and CONFIG_VOLTAGE Design Properties | 1      |
| PDRC-144  | Warning  | SLICE_PairEqSame_C6C5_WARN                          | 1      |
| PDRC-153  | Warning  | Gated clock check                                   | 9      |
| RTSTAT-10 | Warning  | No routable loads                                   | 1      |
+-----------+----------+-----------------------------------------------------+--------+

2. REPORT DETAILS
-----------------
CFGBVS-1#1 Warning
Missing CFGBVS and CONFIG_VOLTAGE Design Properties  
Neither the CFGBVS nor CONFIG_VOLTAGE voltage property is set in the current_design.  Configuration bank voltage select (CFGBVS) must be set to VCCO or GND, and CONFIG_VOLTAGE must be set to the correct configuration voltage, in order to determine the I/O voltage support for the pins in bank 0.  It is suggested to specify these either using the 'Edit Device Properties' function in the GUI or directly in the XDC file using the following syntax:

 set_property CFGBVS value1 [current_design]
 #where value1 is either VCCO or GND

 set_property CONFIG_VOLTAGE value2 [current_design]
 #where value2 is the voltage provided to configuration bank 0

Refer to the device configuration user guide for more information.
Related violations: <none>

PDRC-144#1 Warning
SLICE_PairEqSame_C6C5_WARN  
Luts C6LUT and C5LUT in use in site SLICE_X158Y133 with different equations without A6 pin connected to Global Logic High.
Related violations: <none>

PDRC-153#1 Warning
Gated clock check  
Net control/w_cw_reg[1]/G0 is a gated clock net sourced by a combinational pin control/w_cw_reg[1]/L3_2/O, cell control/w_cw_reg[1]/L3_2 (in control/w_cw_reg[1] macro). This is not good design practice and will likely impact performance. For SLICE registers, for example, use the CE pin to control the loading of data.
Related violations: <none>

PDRC-153#2 Warning
Gated clock check  
Net datapath/debouncer_DOWN/cw_reg[0]_i_2__1_n_0 is a gated clock net sourced by a combinational pin datapath/debouncer_DOWN/cw_reg[0]_i_2__1/O, cell datapath/debouncer_DOWN/cw_reg[0]_i_2__1. This is not good design practice and will likely impact performance. For SLICE registers, for example, use the CE pin to control the loading of data.
Related violations: <none>

PDRC-153#3 Warning
Gated clock check  
Net datapath/debouncer_DOWN/cw_reg[1]_i_2__1_n_0 is a gated clock net sourced by a combinational pin datapath/debouncer_DOWN/cw_reg[1]_i_2__1/O, cell datapath/debouncer_DOWN/cw_reg[1]_i_2__1. This is not good design practice and will likely impact performance. For SLICE registers, for example, use the CE pin to control the loading of data.
Related violations: <none>

PDRC-153#4 Warning
Gated clock check  
Net datapath/debouncer_LEFT/cw_reg[0]_i_2__0_n_0 is a gated clock net sourced by a combinational pin datapath/debouncer_LEFT/cw_reg[0]_i_2__0/O, cell datapath/debouncer_LEFT/cw_reg[0]_i_2__0. This is not good design practice and will likely impact performance. For SLICE registers, for example, use the CE pin to control the loading of data.
Related violations: <none>

PDRC-153#5 Warning
Gated clock check  
Net datapath/debouncer_LEFT/cw_reg[1]_i_2__0_n_0 is a gated clock net sourced by a combinational pin datapath/debouncer_LEFT/cw_reg[1]_i_2__0/O, cell datapath/debouncer_LEFT/cw_reg[1]_i_2__0. This is not good design practice and will likely impact performance. For SLICE registers, for example, use the CE pin to control the loading of data.
Related violations: <none>

PDRC-153#6 Warning
Gated clock check  
Net datapath/debouncer_RIGHT/cw_reg[0]_i_2__2_n_0 is a gated clock net sourced by a combinational pin datapath/debouncer_RIGHT/cw_reg[0]_i_2__2/O, cell datapath/debouncer_RIGHT/cw_reg[0]_i_2__2. This is not good design practice and will likely impact performance. For SLICE registers, for example, use the CE pin to control the loading of data.
Related violations: <none>

PDRC-153#7 Warning
Gated clock check  
Net datapath/debouncer_RIGHT/cw_reg[1]_i_2__2_n_0 is a gated clock net sourced by a combinational pin datapath/debouncer_RIGHT/cw_reg[1]_i_2__2/O, cell datapath/debouncer_RIGHT/cw_reg[1]_i_2__2. This is not good design practice and will likely impact performance. For SLICE registers, for example, use the CE pin to control the loading of data.
Related violations: <none>

PDRC-153#8 Warning
Gated clock check  
Net datapath/debouncer_UP/cw_reg[0]_i_2_n_0 is a gated clock net sourced by a combinational pin datapath/debouncer_UP/cw_reg[0]_i_2/O, cell datapath/debouncer_UP/cw_reg[0]_i_2. This is not good design practice and will likely impact performance. For SLICE registers, for example, use the CE pin to control the loading of data.
Related violations: <none>

PDRC-153#9 Warning
Gated clock check  
Net datapath/debouncer_UP/cw_reg[1]_i_2_n_0 is a gated clock net sourced by a combinational pin datapath/debouncer_UP/cw_reg[1]_i_2/O, cell datapath/debouncer_UP/cw_reg[1]_i_2. This is not good design practice and will likely impact performance. For SLICE registers, for example, use the CE pin to control the loading of data.
Related violations: <none>

RTSTAT-10#1 Warning
No routable loads  
2 net(s) have no routable loads. The problem bus(es) and/or net(s) are control/cw_dbg[2], control/state_dbg[2].
Related violations: <none>


